// Jest Snapshot v1, https://jestjs.io/docs/snapshot-testing

exports[`_updateReport should create report file 1`] = `
"💫kysaro
## commits report <span style="color: #6a737d; font-size: 12px; font-weight: bold;">&nbsp;Last update:&nbsp;08.06.2026, 11:00:00</span>

<!-- SECTION:settings ORDER:10 -->
content
"
`;
